SKAN v0.1.0
Target: 2001:db8::10
Host: 2001:db8::10 (edge?[31m?host)
Status: reachable / 4.20 ms
Port: 22/tcp State=CLOSED Service=- Version=- Reason=CONNECTION_REFUSED
Port: 443/tcp State=OPEN Service=https Version=nginx 1.25-very-long-version Reason=IMMEDIATE_SUCCESS
Service+: State=OPEN Service=ssl/http Version=OpenSSL 3.0 Reason=IMMEDIATE_SUCCESS
Warning: banner?unsafe

Summary: hosts=1 up=1 ports=2 open=1 closed=1 filtered=0 services=2 duration=42.5 ms
